#
# A fatal error has been detected by the Java Runtime Environment:
#
#  EXCEPTION_ACCESS_VIOLATION (0xc0000005) at pc=0x00007ff8658b13a3, pid=21612, tid=19108
#
# JRE version: OpenJDK Runtime Environment Temurin-17.0.13+11 (17.0.13+11) (build 17.0.13+11)
# Java VM: OpenJDK 64-Bit Server VM Temurin-17.0.13+11 (17.0.13+11, mixed mode, emulated-client, sharing, tiered, compressed oops, compressed class ptrs, g1 gc, windows-amd64)
# Problematic frame:
# V  [jvm.dll+0x7613a3]
#
# No core dump will be written. Minidumps are not enabled by default on client versions of Windows
#
# If you would like to submit a bug report, please visit:
#   https://github.com/adoptium/adoptium-support/issues
#

---------------  S U M M A R Y ------------

Command Line: -agentlib:jdwp=transport=dt_socket,address=127.0.0.1:1737,suspend=y,server=n -agentpath:C:\Users\Administrator\AppData\Local\Temp\idea_libasyncProfiler_dll_temp_folder5\libasyncProfiler.dll=version,jfr,event=wall,interval=10ms,cstack=no,file=C:\Users\Administrator\IdeaSnapshots\BookCycleApplication_2025_03_17_013016.jfr,dbghelppath=C:\Users\Administrator\AppData\Local\Temp\idea_dbghelp_dll_temp_folder\dbghelp.dll,log=C:\Users\Administrator\AppData\Local\Temp\BookCycleApplication_2025_03_17_013016.jfr.log.txt,logLevel=DEBUG -XX:TieredStopAtLevel=1 -Dspring.output.ansi.enabled=always -Dcom.sun.management.jmxremote -Dspring.jmx.enabled=true -Dspring.liveBeansView.mbeanDomain -Dspring.application.admin.enabled=true -Dmanagement.endpoints.jmx.exposure.include=* -javaagent:C:\Users\Administrator\AppData\Local\JetBrains\IntelliJIdea2024.3\captureAgent\debugger-agent.jar -Dkotlinx.coroutines.debug.enable.creation.stack.trace=false -Ddebugger.agent.enable.coroutines=true -Dkotlinx.coroutines.debug.enable.flows.stack.trace=true -Dkotlinx.coroutines.debug.enable.mutable.state.flows.stack.trace=true -Dfile.encoding=UTF-8 com.uzem.book_cycle.BookCycleApplication

Host: 11th Gen Intel(R) Core(TM) i7-11370H @ 3.30GHz, 8 cores, 15G,  Windows 10 , 64 bit Build 19041 (10.0.19041.5438)
Time: Mon Mar 17 01:30:18 2025  Windows 10 , 64 bit Build 19041 (10.0.19041.5438) elapsed time: 1.498228 seconds (0d 0h 0m 1s)

---------------  T H R E A D  ---------------

Current thread (0x00000137103e73f0):  WatcherThread [stack: 0x00000036b0c00000,0x00000036b0d00000] [id=19108]

Stack: [0x00000036b0c00000,0x00000036b0d00000],  sp=0x00000036b0cffb30,  free space=1022k
Native frames: (J=compiled Java code, j=interpreted, Vv=VM code, C=native code)
V  [jvm.dll+0x7613a3]
V  [jvm.dll+0x7bc36d]
V  [jvm.dll+0x662244]
V  [jvm.dll+0x7e8ffc]
V  [jvm.dll+0x6818f7]
C  [ucrtbase.dll+0x21bb2]
C  [KERNEL32.DLL+0x17374]
C  [ntdll.dll+0x4cc91]


siginfo: EXCEPTION_ACCESS_VIOLATION (0xc0000005), reading address 0x0000000000000000


Registers:
RAX=0x00007ff865b16ae8, RBX=0x0000000000000000, RCX=0x0000013710073c60, RDX=0x0000000000000032
RSP=0x00000036b0cffb30, RBP=0x0000000000000002, RSI=0x0000000000000000, RDI=0x0000000000000001
R8 =0x0000000000000000, R9 =0x000000007ffea000, R10=0x0000000000000001, R11=0xfffffffff938e741
R12=0x0000000000000000, R13=0x00000137103e73f0, R14=0x0000000000000032, R15=0x0000013710213bf0
RIP=0x00007ff8658b13a3, EFLAGS=0x0000000000010246


Register to memory mapping:

RIP=0x00007ff8658b13a3 jvm.dll
RAX=0x00007ff865b16ae8 jvm.dll
RBX=0x0 is NULL
RCX=0x0000013710073c60 points into unknown readable memory: 0x00007ff865b16ae8 | e8 6a b1 65 f8 7f 00 00
RDX=0x0000000000000032 is an unknown value
RSP=0x00000036b0cffb30 points into unknown readable memory: 0x00000137103e73f0 | f0 73 3e 10 37 01 00 00
RBP=0x0000000000000002 is an unknown value
RSI=0x0 is NULL
RDI=0x0000000000000001 is an unknown value
R8 =0x0 is NULL
R9 =0x000000007ffea000 points into unknown readable memory: 0x0000000000000001 | 01 00 00 00 00 00 00 00
R10=0x0000000000000001 is an unknown value
R11=0xfffffffff938e741 is an unknown value
R12=0x0 is NULL
R13=0x00000137103e73f0 points into unknown readable memory: 0x00007ff865af9ac8 | c8 9a af 65 f8 7f 00 00
R14=0x0000000000000032 is an unknown value
R15=0x0000013710213bf0 points into unknown readable memory: 0x0000000000000000 | 00 00 00 00 00 00 00 00


Top of Stack: (sp=0x00000036b0cffb30)
0x00000036b0cffb30:   00000137103e73f0 00007ff8657d20e2
0x00000036b0cffb40:   0000000000000000 0000000000000000
0x00000036b0cffb50:   00007ff865cff578 00007ff86590c36d
0x00000036b0cffb60:   00000136b217f130 00000136b217f130
0x00000036b0cffb70:   0000000000000032 00007ff865af9c18
0x00000036b0cffb80:   0000013710213bf0 00001dec16058b18
0x00000036b0cffb90:   0000000000000032 00007ff8657b2244
0x00000036b0cffba0:   0000000000000001 00000136b217f130
0x00000036b0cffbb0:   0000000000000032 0000000000000002
0x00000036b0cffbc0:   00000137100dc4f0 00007ff8657d132f
0x00000036b0cffbd0:   00000137103e73f0 00007ff865af9c18
0x00000036b0cffbe0:   0000000000000000 000000ffff710000
0x00000036b0cffbf0:   00000137100dc4f0 00007ff800000018
0x00000036b0cffc00:   00000137103e73f0 0000000000000000
0x00000036b0cffc10:   0000000000000000 0000000000000000
0x00000036b0cffc20:   00000137103e73f0 00007ff865938ffc
0x00000036b0cffc30:   00000137103e73f0 00000000000075a3
0x00000036b0cffc40:   0000000000000000 0000000000000000
0x00000036b0cffc50:   0000000000000000 0000000000000000
0x00000036b0cffc60:   0000000000000000 00007ff8657d18f7
0x00000036b0cffc70:   00000137103e73f0 0000000000000000
0x00000036b0cffc80:   0000000000000000 0000000000000000
0x00000036b0cffc90:   00000036b0cfe640 0000000000000000
0x00000036b0cffca0:   0000000000000000 00007ff8c3a11bb2
0x00000036b0cffcb0:   00000137103e73f0 00000000000075a3
0x00000036b0cffcc0:   00000137105c7160 0000000000000000
0x00000036b0cffcd0:   0000000000000000 00007ff8c50d7374
0x00000036b0cffce0:   0000000000000000 0000000000000000
0x00000036b0cffcf0:   0000000000000000 0000000000000000
0x00000036b0cffd00:   0000000000000000 00007ff8c5fdcc91
0x00000036b0cffd10:   0000000000000000 0000000000000000
0x00000036b0cffd20:   0000000000000000 0000000000000000 

Instructions: (pc=0x00007ff8658b13a3)
0x00007ff8658b12a3:   c3 cc cc cc cc cc cc cc cc cc cc cc cc 48 83 ec
0x00007ff8658b12b3:   28 80 3d e1 0a 3c 00 00 74 6c 48 83 3d 8b 65 44
0x00007ff8658b12c3:   00 00 75 62 48 89 5c 24 20 e8 4f fa ff ff e8 ba
0x00007ff8658b12d3:   1a f4 ff 45 33 c0 48 89 05 78 65 44 00 41 8d 50
0x00007ff8658b12e3:   08 8d 4a 08 e8 e4 61 94 ff 48 8b d8 48 85 c0 74
0x00007ff8658b12f3:   1b 48 63 15 2d 0b 3c 00 48 8b c8 e8 bd ad 05 00
0x00007ff8658b1303:   48 8d 05 de 57 26 00 48 89 03 eb 02 33 db 48 8b
0x00007ff8658b1313:   cb 48 89 1d 35 65 44 00 48 8b 5c 24 20 48 83 c4
0x00007ff8658b1323:   28 e9 17 af 05 00 48 83 c4 28 c3 cc cc 48 89 5c
0x00007ff8658b1333:   24 10 56 48 83 ec 20 48 8b 01 33 db 48 8b f1 39
0x00007ff8658b1343:   18 7e 2a 48 89 7c 24 30 8b fb 0f 1f 00 48 8b 40
0x00007ff8658b1353:   08 48 8b 0c 07 48 8b 01 ff 50 08 48 8b 06 48 8d
0x00007ff8658b1363:   7f 08 ff c3 3b 18 7c e5 48 8b 7c 24 30 48 8b 5c
0x00007ff8658b1373:   24 38 48 83 c4 20 5e c3 cc cc cc cc cc e9 bb ab
0x00007ff8658b1383:   f1 ff cc cc cc cc cc cc cc cc cc cc cc 48 89 5c
0x00007ff8658b1393:   24 10 56 48 83 ec 20 48 8b 35 b7 64 44 00 33 db
0x00007ff8658b13a3:   48 8b 06 39 18 7e 27 48 89 7c 24 30 8b fb 48 8b
0x00007ff8658b13b3:   40 08 48 8b 0c 07 48 8b 01 ff 50 08 48 8b 06 48
0x00007ff8658b13c3:   8d 7f 08 ff c3 3b 18 7c e5 48 8b 7c 24 30 48 8b
0x00007ff8658b13d3:   5c 24 38 48 83 c4 20 5e c3 cc cc cc cc 48 89 4c
0x00007ff8658b13e3:   24 08 48 89 54 24 10 4c 89 44 24 18 4c 89 4c 24
0x00007ff8658b13f3:   20 48 83 ec 28 4c 8b c1 4c 8d 4c 24 38 48 8d 0d
0x00007ff8658b1403:   99 66 44 00 ba 01 00 00 00 e8 bf 2e e1 ff 48 83
0x00007ff8658b1413:   c4 28 c3 cc cc cc cc cc cc cc cc cc cc 48 89 4c
0x00007ff8658b1423:   24 08 48 89 54 24 10 4c 89 44 24 18 4c 89 4c 24
0x00007ff8658b1433:   20 48 83 ec 28 4c 8b c1 4c 8d 4c 24 38 48 8d 0d
0x00007ff8658b1443:   59 66 44 00 ba 02 00 00 00 e8 7f 2e e1 ff 48 83
0x00007ff8658b1453:   c4 28 c3 cc cc cc cc cc cc cc cc cc cc 33 c0 48
0x00007ff8658b1463:   89 01 48 89 41 08 48 89 41 10 88 41 18 48 8b c1
0x00007ff8658b1473:   c3 cc cc cc cc cc cc cc cc cc cc cc cc e9 1b 01
0x00007ff8658b1483:   00 00 cc cc cc cc cc cc cc cc cc cc cc 48 89 5c
0x00007ff8658b1493:   24 08 57 48 83 ec 20 48 8b 41 10 48 8b fa 48 8b 


Stack slot to memory mapping:
stack at sp + 0 slots: 0x00000137103e73f0 points into unknown readable memory: 0x00007ff865af9ac8 | c8 9a af 65 f8 7f 00 00
stack at sp + 1 slots: 0x00007ff8657d20e2 jvm.dll
stack at sp + 2 slots: 0x0 is NULL
stack at sp + 3 slots: 0x0 is NULL
stack at sp + 4 slots: 0x00007ff865cff578 jvm.dll
stack at sp + 5 slots: 0x00007ff86590c36d jvm.dll
stack at sp + 6 slots: 0x00000136b217f130 points into unknown readable memory: 0x00000137103e73f0 | f0 73 3e 10 37 01 00 00
stack at sp + 7 slots: 0x00000136b217f130 points into unknown readable memory: 0x00000137103e73f0 | f0 73 3e 10 37 01 00 00


---------------  P R O C E S S  ---------------

Threads class SMR info:
_java_thread_list=0x000001371008abc0, length=16, elements={
0x00000136b27ce270, 0x000001370b12bdc0, 0x000001370b12c8b0, 0x000001370b1650c0,
0x000001370b165a90, 0x000001370b1525c0, 0x000001370b155ac0, 0x000001370b15a0e0,
0x000001370b15adc0, 0x000001370b1fb680, 0x000001370b254ba0, 0x000001370b257ef0,
0x000001370b2c3e70, 0x00000137100de2d0, 0x000001370b2a2d50, 0x00000137105ba370
}

Java Threads: ( => current thread )
  0x00000136b27ce270 JavaThread "main" [_thread_blocked, id=7416, stack(0x00000036aee00000,0x00000036aef00000)]
  0x000001370b12bdc0 JavaThread "Reference Handler" daemon [_thread_blocked, id=3276, stack(0x00000036af500000,0x00000036af600000)]
  0x000001370b12c8b0 JavaThread "Finalizer" daemon [_thread_blocked, id=19152, stack(0x00000036af600000,0x00000036af700000)]
  0x000001370b1650c0 JavaThread "Signal Dispatcher" daemon [_thread_blocked, id=16660, stack(0x00000036af700000,0x00000036af800000)]
  0x000001370b165a90 JavaThread "Attach Listener" daemon [_thread_blocked, id=11868, stack(0x00000036af800000,0x00000036af900000)]
  0x000001370b1525c0 JavaThread "Service Thread" daemon [_thread_blocked, id=14488, stack(0x00000036af900000,0x00000036afa00000)]
  0x000001370b155ac0 JavaThread "Monitor Deflation Thread" daemon [_thread_blocked, id=22268, stack(0x00000036afa00000,0x00000036afb00000)]
  0x000001370b15a0e0 JavaThread "C1 CompilerThread0" daemon [_thread_blocked, id=21016, stack(0x00000036afb00000,0x00000036afc00000)]
  0x000001370b15adc0 JavaThread "Sweeper thread" daemon [_thread_blocked, id=592, stack(0x00000036afc00000,0x00000036afd00000)]
  0x000001370b1fb680 JavaThread "Common-Cleaner" daemon [_thread_blocked, id=5452, stack(0x00000036afd00000,0x00000036afe00000)]
  0x000001370b254ba0 JavaThread "C1 CompilerThread1" daemon [_thread_blocked, id=16192, stack(0x00000036afe00000,0x00000036aff00000)]
  0x000001370b257ef0 JavaThread "C1 CompilerThread2" daemon [_thread_blocked, id=16784, stack(0x00000036aff00000,0x00000036b0000000)]
  0x000001370b2c3e70 JavaThread "JDWP Event Helper Thread" daemon [_thread_blocked, id=22536, stack(0x00000036b0100000,0x00000036b0200000)]
  0x00000137100de2d0 JavaThread "Notification Thread" daemon [_thread_blocked, id=22936, stack(0x00000036b0300000,0x00000036b0400000)]
  0x000001370b2a2d50 JavaThread "RMI TCP Accept-0" daemon [_thread_in_native, id=23460, stack(0x00000036b0000000,0x00000036b0100000)]
  0x00000137105ba370 JavaThread "SIGINT handler" daemon [_thread_blocked, id=20888, stack(0x00000036b0200000,0x00000036b0300000)]

Other Threads:
  0x00000136b230b330 VMThread "VM Thread" [stack: 0x00000036af400000,0x00000036af500000] [id=20008] _threads_hazard_ptr=0x000001371008abc0
=>0x00000137103e73f0 WatcherThread [stack: 0x00000036b0c00000,0x00000036b0d00000] [id=19108]
  0x00000136b21fb3c0 GCTaskThread "GC Thread#0" [stack: 0x00000036aef00000,0x00000036af000000] [id=1480]
  0x0000013710470b70 GCTaskThread "GC Thread#1" [stack: 0x00000036b0400000,0x00000036b0500000] [id=24464]
  0x00000137104c1c40 GCTaskThread "GC Thread#2" [stack: 0x00000036b0500000,0x00000036b0600000] [id=9004]
  0x0000013710486aa0 GCTaskThread "GC Thread#3" [stack: 0x00000036b0600000,0x00000036b0700000] [id=3728]
  0x00000137104875a0 GCTaskThread "GC Thread#4" [stack: 0x00000036b0700000,0x00000036b0800000] [id=24584]
  0x00000137104880a0 GCTaskThread "GC Thread#5" [stack: 0x00000036b0800000,0x00000036b0900000] [id=11428]
  0x0000013710487020 GCTaskThread "GC Thread#6" [stack: 0x00000036b0900000,0x00000036b0a00000] [id=13652]
  0x0000013710487de0 GCTaskThread "GC Thread#7" [stack: 0x00000036b0a00000,0x00000036b0b00000] [id=13452]
  0x00000136b220e050 ConcurrentGCThread "G1 Main Marker" terminated
  0x00000136b220f120 ConcurrentGCThread "G1 Conc#0" [stack: 0x00000036af100000,0x00000036af200000] [id=25240]
  0x00000136b22e2e00 ConcurrentGCThread "G1 Refine#0" terminated
  0x00000136b22e3740 ConcurrentGCThread "G1 Service" terminated

Threads with active compile tasks:

VM state: at safepoint (normal execution)

VM Mutex/Monitor currently owned by a thread:  ([mutex/lock_event])
[0x00000136b21400c0] Threads_lock - owner thread: 0x00000136b230b330
[0x00000136b217eb00] Heap_lock - owner thread: 0x00000137105ba370
[0x00000136b217f130] PeriodicTask_lock - owner thread: 0x00000137103e73f0

Heap address: 0x0000000704000000, size: 4032 MB, Compressed Oops mode: Zero based, Oop shift amount: 3

CDS archive(s) mapped at: [0x00000136ca000000-0x00000136cabb0000-0x00000136cabb0000), size 12255232, SharedBaseAddress: 0x00000136ca000000, ArchiveRelocationMode: 1.
Compressed class space mapped at: 0x00000136cb000000-0x000001370b000000, reserved size: 1073741824
Narrow klass base: 0x00000136ca000000, Narrow klass shift: 0, Narrow klass range: 0x100000000

GC Precious Log:
 CPUs: 8 total, 8 available
 Memory: 16126M
 Large Page Support: Disabled
 NUMA Support: Disabled
 Compressed Oops: Enabled (Zero based)
 Heap Region Size: 2M
 Heap Min Capacity: 8M
 Heap Initial Capacity: 252M
 Heap Max Capacity: 4032M
 Pre-touch: Disabled
 Parallel Workers: 8
 Concurrent Workers: 2
 Concurrent Refinement Workers: 8
 Periodic GC: Disabled

Heap:
 garbage-first heap   total 258048K, used 13730K [0x0000000704000000, 0x0000000800000000)
  region size 2048K, 5 young (10240K), 2 survivors (4096K)
 Metaspace       used 7280K, committed 7552K, reserved 1114112K
  class space    used 839K, committed 960K, reserved 1048576K

Heap Regions: E=young(eden), S=young(survivor), O=old, HS=humongous(starts), HC=humongous(continues), CS=collection set, F=free, OA=open archive, CA=closed archive, TAMS=top-at-mark-start (previous, next)
|   0|0x0000000704000000, 0x0000000704200000, 0x0000000704200000|100%| O|  |TAMS 0x0000000704000000, 0x0000000704000000| Untracked 
|   1|0x0000000704200000, 0x0000000704400000, 0x0000000704400000|100%| O|  |TAMS 0x0000000704200000, 0x0000000704200000| Untracked 
|   2|0x0000000704400000, 0x0000000704568a00, 0x0000000704600000| 70%| O|  |TAMS 0x0000000704400000, 0x0000000704400000| Untracked 
|   3|0x0000000704600000, 0x0000000704600000, 0x0000000704800000|  0%| F|  |TAMS 0x0000000704600000, 0x0000000704600000| Untracked 
|   4|0x0000000704800000, 0x0000000704800000, 0x0000000704a00000|  0%| F|  |TAMS 0x0000000704800000, 0x0000000704800000| Untracked 
|   5|0x0000000704a00000, 0x0000000704a00000, 0x0000000704c00000|  0%| F|  |TAMS 0x0000000704a00000, 0x0000000704a00000| Untracked 
|   6|0x0000000704c00000, 0x0000000704c00000, 0x0000000704e00000|  0%| F|  |TAMS 0x0000000704c00000, 0x0000000704c00000| Untracked 
|   7|0x0000000704e00000, 0x0000000704e00000, 0x0000000705000000|  0%| F|  |TAMS 0x0000000704e00000, 0x0000000704e00000| Untracked 
|   8|0x0000000705000000, 0x0000000705000000, 0x0000000705200000|  0%| F|  |TAMS 0x0000000705000000, 0x0000000705000000| Untracked 
|   9|0x0000000705200000, 0x0000000705200000, 0x0000000705400000|  0%| F|  |TAMS 0x0000000705200000, 0x0000000705200000| Untracked 
|  10|0x0000000705400000, 0x0000000705400000, 0x0000000705600000|  0%| F|  |TAMS 0x0000000705400000, 0x0000000705400000| Untracked 
|  11|0x0000000705600000, 0x0000000705600000, 0x0000000705800000|  0%| F|  |TAMS 0x0000000705600000, 0x0000000705600000| Untracked 
|  12|0x0000000705800000, 0x0000000705800000, 0x0000000705a00000|  0%| F|  |TAMS 0x0000000705800000, 0x0000000705800000| Untracked 
|  13|0x0000000705a00000, 0x0000000705a00000, 0x0000000705c00000|  0%| F|  |TAMS 0x0000000705a00000, 0x0000000705a00000| Untracked 
|  14|0x0000000705c00000, 0x0000000705c00000, 0x0000000705e00000|  0%| F|  |TAMS 0x0000000705c00000, 0x0000000705c00000| Untracked 
|  15|0x0000000705e00000, 0x0000000705e00000, 0x0000000706000000|  0%| F|  |TAMS 0x0000000705e00000, 0x0000000705e00000| Untracked 
|  16|0x0000000706000000, 0x0000000706000000, 0x0000000706200000|  0%| F|  |TAMS 0x0000000706000000, 0x0000000706000000| Untracked 
|  17|0x0000000706200000, 0x0000000706200000, 0x0000000706400000|  0%| F|  |TAMS 0x0000000706200000, 0x0000000706200000| Untracked 
|  18|0x0000000706400000, 0x0000000706400000, 0x0000000706600000|  0%| F|  |TAMS 0x0000000706400000, 0x0000000706400000| Untracked 
|  19|0x0000000706600000, 0x0000000706600000, 0x0000000706800000|  0%| F|  |TAMS 0x0000000706600000, 0x0000000706600000| Untracked 
|  20|0x0000000706800000, 0x0000000706800000, 0x0000000706a00000|  0%| F|  |TAMS 0x0000000706800000, 0x0000000706800000| Untracked 
|  21|0x0000000706a00000, 0x0000000706a00000, 0x0000000706c00000|  0%| F|  |TAMS 0x0000000706a00000, 0x0000000706a00000| Untracked 
|  22|0x0000000706c00000, 0x0000000706c00000, 0x0000000706e00000|  0%| F|  |TAMS 0x0000000706c00000, 0x0000000706c00000| Untracked 
|  23|0x0000000706e00000, 0x0000000706e00000, 0x0000000707000000|  0%| F|  |TAMS 0x0000000706e00000, 0x0000000706e00000| Untracked 
|  24|0x0000000707000000, 0x0000000707000000, 0x0000000707200000|  0%| F|  |TAMS 0x0000000707000000, 0x0000000707000000| Untracked 
|  25|0x0000000707200000, 0x0000000707200000, 0x0000000707400000|  0%| F|  |TAMS 0x0000000707200000, 0x0000000707200000| Untracked 
|  26|0x0000000707400000, 0x0000000707400000, 0x0000000707600000|  0%| F|  |TAMS 0x0000000707400000, 0x0000000707400000| Untracked 
|  27|0x0000000707600000, 0x0000000707600000, 0x0000000707800000|  0%| F|  |TAMS 0x0000000707600000, 0x0000000707600000| Untracked 
|  28|0x0000000707800000, 0x0000000707800000, 0x0000000707a00000|  0%| F|  |TAMS 0x0000000707800000, 0x0000000707800000| Untracked 
|  29|0x0000000707a00000, 0x0000000707a00000, 0x0000000707c00000|  0%| F|  |TAMS 0x0000000707a00000, 0x0000000707a00000| Untracked 
|  30|0x0000000707c00000, 0x0000000707c00000, 0x0000000707e00000|  0%| F|  |TAMS 0x0000000707c00000, 0x0000000707c00000| Untracked 
|  31|0x0000000707e00000, 0x0000000707e00000, 0x0000000708000000|  0%| F|  |TAMS 0x0000000707e00000, 0x0000000707e00000| Untracked 
|  32|0x0000000708000000, 0x0000000708000000, 0x0000000708200000|  0%| F|  |TAMS 0x0000000708000000, 0x0000000708000000| Untracked 
|  33|0x0000000708200000, 0x0000000708200000, 0x0000000708400000|  0%| F|  |TAMS 0x0000000708200000, 0x0000000708200000| Untracked 
|  34|0x0000000708400000, 0x0000000708400000, 0x0000000708600000|  0%| F|  |TAMS 0x0000000708400000, 0x0000000708400000| Untracked 
|  35|0x0000000708600000, 0x0000000708600000, 0x0000000708800000|  0%| F|  |TAMS 0x0000000708600000, 0x0000000708600000| Untracked 
|  36|0x0000000708800000, 0x0000000708800000, 0x0000000708a00000|  0%| F|  |TAMS 0x0000000708800000, 0x0000000708800000| Untracked 
|  37|0x0000000708a00000, 0x0000000708a00000, 0x0000000708c00000|  0%| F|  |TAMS 0x0000000708a00000, 0x0000000708a00000| Untracked 
|  38|0x0000000708c00000, 0x0000000708c00000, 0x0000000708e00000|  0%| F|  |TAMS 0x0000000708c00000, 0x0000000708c00000| Untracked 
|  39|0x0000000708e00000, 0x0000000708e00000, 0x0000000709000000|  0%| F|  |TAMS 0x0000000708e00000, 0x0000000708e00000| Untracked 
|  40|0x0000000709000000, 0x0000000709000000, 0x0000000709200000|  0%| F|  |TAMS 0x0000000709000000, 0x0000000709000000| Untracked 
|  41|0x0000000709200000, 0x0000000709200000, 0x0000000709400000|  0%| F|  |TAMS 0x0000000709200000, 0x0000000709200000| Untracked 
|  42|0x0000000709400000, 0x0000000709400000, 0x0000000709600000|  0%| F|  |TAMS 0x0000000709400000, 0x0000000709400000| Untracked 
|  43|0x0000000709600000, 0x0000000709600000, 0x0000000709800000|  0%| F|  |TAMS 0x0000000709600000, 0x0000000709600000| Untracked 
|  44|0x0000000709800000, 0x0000000709800000, 0x0000000709a00000|  0%| F|  |TAMS 0x0000000709800000, 0x0000000709800000| Untracked 
|  45|0x0000000709a00000, 0x0000000709a00000, 0x0000000709c00000|  0%| F|  |TAMS 0x0000000709a00000, 0x0000000709a00000| Untracked 
|  46|0x0000000709c00000, 0x0000000709c00000, 0x0000000709e00000|  0%| F|  |TAMS 0x0000000709c00000, 0x0000000709c00000| Untracked 
|  47|0x0000000709e00000, 0x0000000709e00000, 0x000000070a000000|  0%| F|  |TAMS 0x0000000709e00000, 0x0000000709e00000| Untracked 
|  48|0x000000070a000000, 0x000000070a000000, 0x000000070a200000|  0%| F|  |TAMS 0x000000070a000000, 0x000000070a000000| Untracked 
|  49|0x000000070a200000, 0x000000070a200000, 0x000000070a400000|  0%| F|  |TAMS 0x000000070a200000, 0x000000070a200000| Untracked 
|  50|0x000000070a400000, 0x000000070a400000, 0x000000070a600000|  0%| F|  |TAMS 0x000000070a400000, 0x000000070a400000| Untracked 
|  51|0x000000070a600000, 0x000000070a600000, 0x000000070a800000|  0%| F|  |TAMS 0x000000070a600000, 0x000000070a600000| Untracked 
|  52|0x000000070a800000, 0x000000070a800000, 0x000000070aa00000|  0%| F|  |TAMS 0x000000070a800000, 0x000000070a800000| Untracked 
|  53|0x000000070aa00000, 0x000000070aa00000, 0x000000070ac00000|  0%| F|  |TAMS 0x000000070aa00000, 0x000000070aa00000| Untracked 
|  54|0x000000070ac00000, 0x000000070ac00000, 0x000000070ae00000|  0%| F|  |TAMS 0x000000070ac00000, 0x000000070ac00000| Untracked 
|  55|0x000000070ae00000, 0x000000070ae00000, 0x000000070b000000|  0%| F|  |TAMS 0x000000070ae00000, 0x000000070ae00000| Untracked 
|  56|0x000000070b000000, 0x000000070b000000, 0x000000070b200000|  0%| F|  |TAMS 0x000000070b000000, 0x000000070b000000| Untracked 
|  57|0x000000070b200000, 0x000000070b200000, 0x000000070b400000|  0%| F|  |TAMS 0x000000070b200000, 0x000000070b200000| Untracked 
|  58|0x000000070b400000, 0x000000070b400000, 0x000000070b600000|  0%| F|  |TAMS 0x000000070b400000, 0x000000070b400000| Untracked 
|  59|0x000000070b600000, 0x000000070b600000, 0x000000070b800000|  0%| F|  |TAMS 0x000000070b600000, 0x000000070b600000| Untracked 
|  60|0x000000070b800000, 0x000000070b800000, 0x000000070ba00000|  0%| F|  |TAMS 0x000000070b800000, 0x000000070b800000| Untracked 
|  61|0x000000070ba00000, 0x000000070ba00000, 0x000000070bc00000|  0%| F|  |TAMS 0x000000070ba00000, 0x000000070ba00000| Untracked 
|  62|0x000000070bc00000, 0x000000070bc00000, 0x000000070be00000|  0%| F|  |TAMS 0x000000070bc00000, 0x000000070bc00000| Untracked 
|  63|0x000000070be00000, 0x000000070be00000, 0x000000070c000000|  0%| F|  |TAMS 0x000000070be00000, 0x000000070be00000| Untracked 
|  64|0x000000070c000000, 0x000000070c000000, 0x000000070c200000|  0%| F|  |TAMS 0x000000070c000000, 0x000000070c000000| Untracked 
|  65|0x000000070c200000, 0x000000070c200000, 0x000000070c400000|  0%| F|  |TAMS 0x000000070c200000, 0x000000070c200000| Untracked 
|  66|0x000000070c400000, 0x000000070c400000, 0x000000070c600000|  0%| F|  |TAMS 0x000000070c400000, 0x000000070c400000| Untracked 
|  67|0x000000070c600000, 0x000000070c600000, 0x000000070c800000|  0%| F|  |TAMS 0x000000070c600000, 0x000000070c600000| Untracked 
|  68|0x000000070c800000, 0x000000070c800000, 0x000000070ca00000|  0%| F|  |TAMS 0x000000070c800000, 0x000000070c800000| Untracked 
|  69|0x000000070ca00000, 0x000000070ca00000, 0x000000070cc00000|  0%| F|  |TAMS 0x000000070ca00000, 0x000000070ca00000| Untracked 
|  70|0x000000070cc00000, 0x000000070cc00000, 0x000000070ce00000|  0%| F|  |TAMS 0x000000070cc00000, 0x000000070cc00000| Untracked 
|  71|0x000000070ce00000, 0x000000070ce00000, 0x000000070d000000|  0%| F|  |TAMS 0x000000070ce00000, 0x000000070ce00000| Untracked 
|  72|0x000000070d000000, 0x000000070d000000, 0x000000070d200000|  0%| F|  |TAMS 0x000000070d000000, 0x000000070d000000| Untracked 
|  73|0x000000070d200000, 0x000000070d200000, 0x000000070d400000|  0%| F|  |TAMS 0x000000070d200000, 0x000000070d200000| Untracked 
|  74|0x000000070d400000, 0x000000070d400000, 0x000000070d600000|  0%| F|  |TAMS 0x000000070d400000, 0x000000070d400000| Untracked 
|  75|0x000000070d600000, 0x000000070d600000, 0x000000070d800000|  0%| F|  |TAMS 0x000000070d600000, 0x000000070d600000| Untracked 
|  76|0x000000070d800000, 0x000000070d800000, 0x000000070da00000|  0%| F|  |TAMS 0x000000070d800000, 0x000000070d800000| Untracked 
|  77|0x000000070da00000, 0x000000070da00000, 0x000000070dc00000|  0%| F|  |TAMS 0x000000070da00000, 0x000000070da00000| Untracked 
|  78|0x000000070dc00000, 0x000000070dc00000, 0x000000070de00000|  0%| F|  |TAMS 0x000000070dc00000, 0x000000070dc00000| Untracked 
|  79|0x000000070de00000, 0x000000070de00000, 0x000000070e000000|  0%| F|  |TAMS 0x000000070de00000, 0x000000070de00000| Untracked 
|  80|0x000000070e000000, 0x000000070e000000, 0x000000070e200000|  0%| F|  |TAMS 0x000000070e000000, 0x000000070e000000| Untracked 
|  81|0x000000070e200000, 0x000000070e200000, 0x000000070e400000|  0%| F|  |TAMS 0x000000070e200000, 0x000000070e200000| Untracked 
|  82|0x000000070e400000, 0x000000070e400000, 0x000000070e600000|  0%| F|  |TAMS 0x000000070e400000, 0x000000070e400000| Untracked 
|  83|0x000000070e600000, 0x000000070e600000, 0x000000070e800000|  0%| F|  |TAMS 0x000000070e600000, 0x000000070e600000| Untracked 
|  84|0x000000070e800000, 0x000000070e800000, 0x000000070ea00000|  0%| F|  |TAMS 0x000000070e800000, 0x000000070e800000| Untracked 
|  85|0x000000070ea00000, 0x000000070ea00000, 0x000000070ec00000|  0%| F|  |TAMS 0x000000070ea00000, 0x000000070ea00000| Untracked 
|  86|0x000000070ec00000, 0x000000070ec00000, 0x000000070ee00000|  0%| F|  |TAMS 0x000000070ec00000, 0x000000070ec00000| Untracked 
|  87|0x000000070ee00000, 0x000000070ee00000, 0x000000070f000000|  0%| F|  |TAMS 0x000000070ee00000, 0x000000070ee00000| Untracked 
|  88|0x000000070f000000, 0x000000070f000000, 0x000000070f200000|  0%| F|  |TAMS 0x000000070f000000, 0x000000070f000000| Untracked 
|  89|0x000000070f200000, 0x000000070f200000, 0x000000070f400000|  0%| F|  |TAMS 0x000000070f200000, 0x000000070f200000| Untracked 
|  90|0x000000070f400000, 0x000000070f400000, 0x000000070f600000|  0%| F|  |TAMS 0x000000070f400000, 0x000000070f400000| Untracked 
|  91|0x000000070f600000, 0x000000070f600000, 0x000000070f800000|  0%| F|  |TAMS 0x000000070f600000, 0x000000070f600000| Untracked 
|  92|0x000000070f800000, 0x000000070f800000, 0x000000070fa00000|  0%| F|  |TAMS 0x000000070f800000, 0x000000070f800000| Untracked 
|  93|0x000000070fa00000, 0x000000070fa00000, 0x000000070fc00000|  0%| F|  |TAMS 0x000000070fa00000, 0x000000070fa00000| Untracked 
|  94|0x000000070fc00000, 0x000000070fc00000, 0x000000070fe00000|  0%| F|  |TAMS 0x000000070fc00000, 0x000000070fc00000| Untracked 
|  95|0x000000070fe00000, 0x000000070fe00000, 0x0000000710000000|  0%| F|  |TAMS 0x000000070fe00000, 0x000000070fe00000| Untracked 
|  96|0x0000000710000000, 0x0000000710000000, 0x0000000710200000|  0%| F|  |TAMS 0x0000000710000000, 0x0000000710000000| Untracked 
|  97|0x0000000710200000, 0x0000000710200000, 0x0000000710400000|  0%| F|  |TAMS 0x0000000710200000, 0x0000000710200000| Untracked 
|  98|0x0000000710400000, 0x0000000710400000, 0x0000000710600000|  0%| F|  |TAMS 0x0000000710400000, 0x0000000710400000| Untracked 
|  99|0x0000000710600000, 0x0000000710600000, 0x0000000710800000|  0%| F|  |TAMS 0x0000000710600000, 0x0000000710600000| Untracked 
| 100|0x0000000710800000, 0x0000000710800000, 0x0000000710a00000|  0%| F|  |TAMS 0x0000000710800000, 0x0000000710800000| Untracked 
| 101|0x0000000710a00000, 0x0000000710a00000, 0x0000000710c00000|  0%| F|  |TAMS 0x0000000710a00000, 0x0000000710a00000| Untracked 
| 102|0x0000000710c00000, 0x0000000710c00000, 0x0000000710e00000|  0%| F|  |TAMS 0x0000000710c00000, 0x0000000710c00000| Untracked 
| 103|0x0000000710e00000, 0x0000000710e00000, 0x0000000711000000|  0%| F|  |TAMS 0x0000000710e00000, 0x0000000710e00000| Untracked 
| 104|0x0000000711000000, 0x0000000711000000, 0x0000000711200000|  0%| F|  |TAMS 0x0000000711000000, 0x0000000711000000| Untracked 
| 105|0x0000000711200000, 0x0000000711200000, 0x0000000711400000|  0%| F|  |TAMS 0x0000000711200000, 0x0000000711200000| Untracked 
| 106|0x0000000711400000, 0x0000000711400000, 0x0000000711600000|  0%| F|  |TAMS 0x0000000711400000, 0x0000000711400000| Untracked 
| 107|0x0000000711600000, 0x0000000711600000, 0x0000000711800000|  0%| F|  |TAMS 0x0000000711600000, 0x0000000711600000| Untracked 
| 108|0x0000000711800000, 0x0000000711800000, 0x0000000711a00000|  0%| F|  |TAMS 0x0000000711800000, 0x0000000711800000| Untracked 
| 109|0x0000000711a00000, 0x0000000711a00000, 0x0000000711c00000|  0%| F|  |TAMS 0x0000000711a00000, 0x0000000711a00000| Untracked 
| 110|0x0000000711c00000, 0x0000000711c00000, 0x0000000711e00000|  0%| F|  |TAMS 0x0000000711c00000, 0x0000000711c00000| Untracked 
| 111|0x0000000711e00000, 0x0000000711e00000, 0x0000000712000000|  0%| F|  |TAMS 0x0000000711e00000, 0x0000000711e00000| Untracked 
| 112|0x0000000712000000, 0x0000000712000000, 0x0000000712200000|  0%| F|  |TAMS 0x0000000712000000, 0x0000000712000000| Untracked 
| 113|0x0000000712200000, 0x0000000712400000, 0x0000000712400000|100%| S|CS|TAMS 0x0000000712200000, 0x0000000712200000| Complete 
| 114|0x0000000712400000, 0x0000000712600000, 0x0000000712600000|100%| S|CS|TAMS 0x0000000712400000, 0x0000000712400000| Complete 
| 115|0x0000000712600000, 0x0000000712600000, 0x0000000712800000|  0%| F|  |TAMS 0x0000000712600000, 0x0000000712600000| Untracked 
| 116|0x0000000712800000, 0x0000000712800000, 0x0000000712a00000|  0%| F|  |TAMS 0x0000000712800000, 0x0000000712800000| Untracked 
| 117|0x0000000712a00000, 0x0000000712a00000, 0x0000000712c00000|  0%| F|  |TAMS 0x0000000712a00000, 0x0000000712a00000| Untracked 
| 118|0x0000000712c00000, 0x0000000712c00000, 0x0000000712e00000|  0%| F|  |TAMS 0x0000000712c00000, 0x0000000712c00000| Untracked 
| 119|0x0000000712e00000, 0x0000000712e00000, 0x0000000713000000|  0%| F|  |TAMS 0x0000000712e00000, 0x0000000712e00000| Untracked 
| 120|0x0000000713000000, 0x0000000713000000, 0x0000000713200000|  0%| F|  |TAMS 0x0000000713000000, 0x0000000713000000| Untracked 
| 121|0x0000000713200000, 0x0000000713200000, 0x0000000713400000|  0%| F|  |TAMS 0x0000000713200000, 0x0000000713200000| Untracked 
| 122|0x0000000713400000, 0x0000000713400000, 0x0000000713600000|  0%| F|  |TAMS 0x0000000713400000, 0x0000000713400000| Untracked 
| 123|0x0000000713600000, 0x000000071362e188, 0x0000000713800000|  9%| E|  |TAMS 0x0000000713600000, 0x0000000713600000| Complete 
| 124|0x0000000713800000, 0x0000000713a00000, 0x0000000713a00000|100%| E|CS|TAMS 0x0000000713800000, 0x0000000713800000| Complete 
| 125|0x0000000713a00000, 0x0000000713c00000, 0x0000000713c00000|100%| E|CS|TAMS 0x0000000713a00000, 0x0000000713a00000| Complete 

Card table byte_map: [0x00000136be780000,0x00000136bef60000] _byte_map_base: 0x00000136baf60000

Marking Bits (Prev, Next): (CMBitMap*) 0x00000136b21fd900, (CMBitMap*) 0x00000136b21fd940
 Prev Bits: [0x00000136bf740000, 0x00000136c3640000)
 Next Bits: [0x00000136c3640000, 0x00000136c7540000)

Polling page: 0x00000136b1ed0000

Metaspace:

Usage:
  Non-class:      6.29 MB used.
      Class:    839.14 KB used.
       Both:      7.11 MB used.

Virtual space:
  Non-class space:       64.00 MB reserved,       6.44 MB ( 10%) committed,  1 nodes.
      Class space:        1.00 GB reserved,     960.00 KB ( <1%) committed,  1 nodes.
             Both:        1.06 GB reserved,       7.38 MB ( <1%) committed. 

Chunk freelists:
   Non-Class:  8.99 MB
       Class:  15.11 MB
        Both:  24.10 MB

MaxMetaspaceSize: unlimited
CompressedClassSpaceSize: 1.00 GB
Initial GC threshold: 21.00 MB
Current GC threshold: 21.00 MB
CDS: on
MetaspaceReclaimPolicy: balanced
 - commit_granule_bytes: 65536.
 - commit_granule_words: 8192.
 - virtual_space_node_default_size: 8388608.
 - enlarge_chunks_in_place: 1.
 - new_chunks_are_fully_committed: 0.
 - uncommit_free_chunks: 1.
 - use_allocation_guard: 0.
 - handle_deallocations: 1.


Internal statistics:

num_allocs_failed_limit: 0.
num_arena_births: 106.
num_arena_deaths: 0.
num_vsnodes_births: 2.
num_vsnodes_deaths: 0.
num_space_committed: 118.
num_space_uncommitted: 0.
num_chunks_returned_to_freelist: 0.
num_chunks_taken_from_freelist: 152.
num_chunk_merges: 0.
num_chunk_splits: 102.
num_chunks_enlarged: 65.
num_inconsistent_stats: 0.

CodeCache: size=49152Kb used=4419Kb max_used=4419Kb free=44732Kb
 bounds [0x00000136baa50000, 0x00000136baeb0000, 0x00000136bda50000]
 total_blobs=1595 nmethods=1143 adapters=378
 compilation: enabled
              stopped_count=0, restarted_count=0
 full_count=0

Compilation events (20 events):
Event: 1.422 Thread 0x000001370b257ef0 1134       1       jdk.internal.reflect.ClassFileAssembler::emitShort (24 bytes)
Event: 1.422 Thread 0x000001370b254ba0 1135       1       jdk.internal.reflect.ClassFileAssembler::cpi (22 bytes)
Event: 1.422 Thread 0x000001370b257ef0 nmethod 1134 0x00000136bae9cb10 code [0x00000136bae9ccc0, 0x00000136bae9ce98]
Event: 1.422 Thread 0x000001370b254ba0 nmethod 1135 0x00000136bae9d090 code [0x00000136bae9d240, 0x00000136bae9d3c8]
Event: 1.423 Thread 0x000001370b254ba0 1137       1       java.lang.reflect.Constructor::getDeclaringClass (5 bytes)
Event: 1.423 Thread 0x000001370b254ba0 nmethod 1137 0x00000136bae9d990 code [0x00000136bae9db20, 0x00000136bae9dbf8]
Event: 1.424 Thread 0x000001370b15a0e0 1138       1       java.lang.reflect.Modifier::isFinal (13 bytes)
Event: 1.424 Thread 0x000001370b15a0e0 nmethod 1138 0x00000136bae9dc90 code [0x00000136bae9de20, 0x00000136bae9ded8]
Event: 1.424 Thread 0x000001370b257ef0 1140   !   1       jdk.internal.reflect.UTF8::encode (191 bytes)
Event: 1.424 Thread 0x000001370b15a0e0 1139       1       jdk.internal.reflect.UTF8::utf8Length (81 bytes)
Event: 1.424 Thread 0x000001370b254ba0 1141       1       jdk.internal.reflect.ClassFileAssembler::emitConstantPoolUTF8 (50 bytes)
Event: 1.425 Thread 0x000001370b254ba0 nmethod 1141 0x00000136bae9df90 code [0x00000136bae9e180, 0x00000136bae9e4c8]
Event: 1.425 Thread 0x000001370b254ba0 1142       1       jdk.internal.reflect.ByteVectorImpl::getLength (7 bytes)
Event: 1.426 Thread 0x000001370b15a0e0 nmethod 1139 0x00000136bae9e990 code [0x00000136bae9eb40, 0x00000136bae9ee18]
Event: 1.426 Thread 0x000001370b254ba0 nmethod 1142 0x00000136bae9f390 code [0x00000136bae9f520, 0x00000136bae9f5f8]
Event: 1.426 Thread 0x000001370b257ef0 nmethod 1140 0x00000136bae9f690 code [0x00000136bae9f880, 0x00000136bae9fef8]
Event: 1.426 Thread 0x000001370b254ba0 1143       1       jdk.internal.reflect.ByteVectorImpl::get (26 bytes)
Event: 1.426 Thread 0x000001370b254ba0 nmethod 1143 0x00000136baea0810 code [0x00000136baea09a0, 0x00000136baea0ae8]
Event: 1.428 Thread 0x000001370b254ba0 1144       1       jdk.internal.reflect.MagicAccessorImpl::<init> (5 bytes)
Event: 1.428 Thread 0x000001370b254ba0 nmethod 1144 0x00000136baea0c90 code [0x00000136baea0e20, 0x00000136baea0ed8]

GC Heap History (2 events):
Event: 1.312 GC heap before
{Heap before GC invocations=0 (full 0):
 garbage-first heap   total 258048K, used 20480K [0x0000000704000000, 0x0000000800000000)
  region size 2048K, 11 young (22528K), 0 survivors (0K)
 Metaspace       used 5961K, committed 6208K, reserved 1114112K
  class space    used 696K, committed 832K, reserved 1048576K
}
Event: 1.318 GC heap after
{Heap after GC invocations=1 (full 0):
 garbage-first heap   total 258048K, used 9634K [0x0000000704000000, 0x0000000800000000)
  region size 2048K, 2 young (4096K), 2 survivors (4096K)
 Metaspace       used 5961K, committed 6208K, reserved 1114112K
  class space    used 696K, committed 832K, reserved 1048576K
}

Dll operation events (11 events):
Event: 0.030 Loaded shared library C:\Users\Administrator\.jdks\temurin-17.0.13\bin\java.dll
Event: 0.032 Loaded shared library C:\Users\Administrator\.jdks\temurin-17.0.13\bin\zip.dll
Event: 0.057 Loaded shared library C:\Users\Administrator\.jdks\temurin-17.0.13\bin\jsvml.dll
Event: 0.440 Loaded shared library C:\Users\Administrator\.jdks\temurin-17.0.13\bin\instrument.dll
Event: 0.464 Loaded shared library C:\Users\Administrator\.jdks\temurin-17.0.13\bin\net.dll
Event: 0.469 Loaded shared library C:\Users\Administrator\.jdks\temurin-17.0.13\bin\nio.dll
Event: 0.477 Loaded shared library C:\Users\Administrator\.jdks\temurin-17.0.13\bin\zip.dll
Event: 0.658 Loaded shared library C:\Users\Administrator\.jdks\temurin-17.0.13\bin\jimage.dll
Event: 0.974 Loaded shared library C:\Users\Administrator\.jdks\temurin-17.0.13\bin\management.dll
Event: 0.993 Loaded shared library C:\Users\Administrator\.jdks\temurin-17.0.13\bin\management_ext.dll
Event: 1.413 Loaded shared library C:\Users\Administrator\.jdks\temurin-17.0.13\bin\extnet.dll

Deoptimization events (2 events):
Event: 1.396 Thread 0x00000136b27ce270 DEOPT PACKING pc=0x00000136bae4335c sp=0x00000036aeefe8b0
Event: 1.396 Thread 0x00000136b27ce270 DEOPT UNPACKING pc=0x00000136baaaace3 sp=0x00000036aeefdda0 mode 1

Classes loaded (20 events):
Event: 1.424 Loading class java/io/ObjectStreamClass$FieldReflector
Event: 1.424 Loading class java/io/ObjectStreamClass$FieldReflector done
Event: 1.427 Loading class jdk/internal/misc/Signal$1
Event: 1.427 Loading class java/io/ObjectStreamClass$ClassDataSlot
Event: 1.427 Loading class jdk/internal/misc/Signal$1 done
Event: 1.428 Loading class java/io/ObjectStreamClass$ClassDataSlot done
Event: 1.428 Loading class java/io/SerialCallbackContext
Event: 1.428 Loading class java/io/SerialCallbackContext done
Event: 1.428 Loading class sun/rmi/transport/ConnectionOutputStream
Event: 1.428 Loading class sun/rmi/server/MarshalOutputStream
Event: 1.428 Loading class sun/rmi/server/MarshalOutputStream done
Event: 1.428 Loading class sun/rmi/transport/ConnectionOutputStream done
Event: 1.428 Loading class java/util/IdentityHashMap$KeyIterator
Event: 1.428 Loading class java/util/IdentityHashMap$KeyIterator done
Event: 1.429 Loading class jdk/internal/agent/ConnectorAddressLink
Event: 1.429 Loading class jdk/internal/agent/ConnectorAddressLink done
Event: 1.429 Loading class sun/management/counter/Units
Event: 1.429 Loading class sun/management/counter/Units done
Event: 1.429 Loading class jdk/internal/vm/PostVMInitHook
Event: 1.429 Loading class jdk/internal/vm/PostVMInitHook done

Classes unloaded (0 events):
No events

Classes redefined (1 events):
Event: 0.914 Thread 0x00000136b230b330 redefined class name=java.lang.Throwable, count=1

Internal exceptions (14 events):
Event: 0.763 Thread 0x00000136b27ce270 Exception <a 'java/lang/ClassNotFoundException'{0x0000000712c1c770}: javax/smartcardio/CardPermission> (0x0000000712c1c770) 
thrown [s\src\hotspot\share\classfile\systemDictionary.cpp, line 256]
Event: 0.767 Thread 0x00000136b27ce270 Exception <a 'java/io/FileNotFoundException'{0x0000000712c2ad10}> (0x0000000712c2ad10) 
thrown [s\src\hotspot\share\prims\jni.cpp, line 516]
Event: 0.808 Thread 0x00000136b27ce270 Exception <a 'java/lang/NoSuchMethodError'{0x0000000712cba250}: 'java.lang.Object java.lang.invoke.DirectMethodHandle$Holder.invokeSpecial(java.lang.Object, java.lang.Object, java.lang.Object, long, java.lang.Object)'> (0x0000000712cba250) 
thrown [s\src\hotspot\share\interpreter\linkResolver.cpp, line 759]
Event: 0.809 Thread 0x00000136b27ce270 Exception <a 'java/lang/NoSuchMethodError'{0x0000000712cbdef0}: 'java.lang.Object java.lang.invoke.Invokers$Holder.linkToTargetMethod(java.lang.Object, long, java.lang.Object, java.lang.Object)'> (0x0000000712cbdef0) 
thrown [s\src\hotspot\share\interpreter\linkResolver.cpp, line 759]
Event: 0.971 Thread 0x00000136b27ce270 Exception <a 'java/lang/NoSuchMethodError'{0x0000000712b1e5d0}: 'java.lang.Object java.lang.invoke.DirectMethodHandle$Holder.invokeStaticInit(java.lang.Object)'> (0x0000000712b1e5d0) 
thrown [s\src\hotspot\share\interpreter\linkResolver.cpp, line 759]
Event: 0.999 Thread 0x00000136b27ce270 Exception <a 'java/lang/NoSuchMethodError'{0x0000000712bb4c88}: 'int java.lang.invoke.DirectMethodHandle$Holder.invokeInterface(java.lang.Object, java.lang.Object)'> (0x0000000712bb4c88) 
thrown [s\src\hotspot\share\interpreter\linkResolver.cpp, line 759]
Event: 1.000 Thread 0x00000136b27ce270 Exception <a 'java/lang/IncompatibleClassChangeError'{0x0000000712bb82a8}: Found class java.lang.Object, but interface was expected> (0x0000000712bb82a8) 
thrown [s\src\hotspot\share\interpreter\linkResolver.cpp, line 826]
Event: 1.001 Thread 0x00000136b27ce270 Exception <a 'java/lang/NoSuchMethodError'{0x0000000712bbe518}: 'void java.lang.invoke.DirectMethodHandle$Holder.invokeStatic(java.lang.Object, java.lang.Object)'> (0x0000000712bbe518) 
thrown [s\src\hotspot\share\interpreter\linkResolver.cpp, line 759]
Event: 1.060 Thread 0x00000136b27ce270 Exception <a 'java/lang/NoSuchMethodError'{0x00000007128ef7c0}: 'int java.lang.invoke.DirectMethodHandle$Holder.invokeSpecial(java.lang.Object, java.lang.Object, java.lang.Object)'> (0x00000007128ef7c0) 
thrown [s\src\hotspot\share\interpreter\linkResolver.cpp, line 759]
Event: 1.165 Thread 0x00000136b27ce270 Exception <a 'java/lang/NoSuchMethodError'{0x0000000712675878}: 'void java.lang.invoke.DirectMethodHandle$Holder.invokeStatic(java.lang.Object, java.lang.Object, java.lang.Object)'> (0x0000000712675878) 
thrown [s\src\hotspot\share\interpreter\linkResolver.cpp, line 759]
Event: 1.183 Thread 0x00000136b27ce270 Exception <a 'java/lang/NoSuchMethodError'{0x00000007126d9538}: 'int java.lang.invoke.DirectMethodHandle$Holder.invokeSpecialIFC(java.lang.Object, java.lang.Object, java.lang.Object)'> (0x00000007126d9538) 
thrown [s\src\hotspot\share\interpreter\linkResolver.cpp, line 759]
Event: 1.225 Thread 0x00000136b27ce270 Exception <a 'java/lang/NoSuchMethodError'{0x00000007127b40f0}: 'java.lang.Object java.lang.invoke.DirectMethodHandle$Holder.invokeStaticInit(java.lang.Object, int, int, int, int)'> (0x00000007127b40f0) 
thrown [s\src\hotspot\share\interpreter\linkResolver.cpp, line 759]
Event: 1.369 Thread 0x00000136b27ce270 Exception <a 'java/lang/NoSuchMethodError'{0x0000000713857cf8}: 'java.lang.Object java.lang.invoke.DirectMethodHandle$Holder.invokeStaticInit(java.lang.Object, java.lang.Object, int, int, int, int)'> (0x0000000713857cf8) 
thrown [s\src\hotspot\share\interpreter\linkResolver.cpp, line 759]
Event: 1.396 Thread 0x00000136b27ce270 Exception <a 'java/lang/ClassNotFoundException'{0x0000000713892018}: javax/management/remote/rmi/RMIServerImpl_Skel> (0x0000000713892018) 
thrown [s\src\hotspot\share\classfile\systemDictionary.cpp, line 256]

VM Operations (20 events):
Event: 0.916 Executing VM operation: RedefineClasses done
Event: 0.919 Executing VM operation: get/set locals
Event: 0.919 Executing VM operation: get/set locals done
Event: 0.938 Executing VM operation: HandshakeAllThreads
Event: 0.938 Executing VM operation: HandshakeAllThreads done
Event: 1.005 Executing VM operation: HandshakeAllThreads
Event: 1.005 Executing VM operation: HandshakeAllThreads done
Event: 1.196 Executing VM operation: HandshakeAllThreads
Event: 1.196 Executing VM operation: HandshakeAllThreads done
Event: 1.206 Executing VM operation: HandshakeAllThreads
Event: 1.206 Executing VM operation: HandshakeAllThreads done
Event: 1.312 Executing VM operation: G1CollectForAllocation
Event: 1.318 Executing VM operation: G1CollectForAllocation done
Event: 1.347 Executing VM operation: ChangeBreakpoints
Event: 1.347 Executing VM operation: ChangeBreakpoints done
Event: 1.348 Executing VM operation: ChangeBreakpoints
Event: 1.348 Executing VM operation: ChangeBreakpoints done
Event: 1.348 Executing VM operation: ChangeBreakpoints
Event: 1.348 Executing VM operation: ChangeBreakpoints done
Event: 1.429 Executing VM operation: Exit

Memory protections (0 events):
No events

Nmethod flushes (0 events):
No events

Events (20 events):
Event: 0.062 Thread 0x00000136b27ce270 Thread added: 0x000001370b12c8b0
Event: 0.081 Thread 0x00000136b27ce270 Thread added: 0x000001370b1650c0
Event: 0.081 Thread 0x00000136b27ce270 Thread added: 0x000001370b165a90
Event: 0.081 Thread 0x00000136b27ce270 Thread added: 0x000001370b1525c0
Event: 0.082 Thread 0x00000136b27ce270 Thread added: 0x000001370b155ac0
Event: 0.082 Thread 0x00000136b27ce270 Thread added: 0x000001370b15a0e0
Event: 0.082 Thread 0x00000136b27ce270 Thread added: 0x000001370b15adc0
Event: 0.235 Thread 0x00000136b27ce270 Thread added: 0x000001370b1fb680
Event: 0.244 Thread 0x000001370b15a0e0 Thread added: 0x000001370b254ba0
Event: 0.246 Thread 0x000001370b15a0e0 Thread added: 0x000001370b257ef0
Event: 0.282 Thread 0x00000136b27ce270 Thread added: 0x000001370b2a2d50
Event: 0.282 Thread 0x00000136b27ce270 Thread added: 0x000001370b2c3e70
Event: 0.288 Thread 0x000001370b2a2d50 Thread added: 0x000001370b2c4d90
Event: 0.924 Thread 0x00000136b27ce270 Thread added: 0x00000137100de2d0
Event: 1.347 Thread 0x000001370b2c4d90 Thread exited: 0x000001370b2c4d90
Event: 1.351 Thread 0x000001370b2a2d50 Thread exited: 0x000001370b2a2d50
Event: 1.417 Thread 0x00000136b27ce270 Thread added: 0x000001370b2a2d50
Event: 1.428 Thread 0x000001370b1650c0 Thread added: 0x00000137105ba370
Event: 1.429 Thread 0x00000137105ba370 Thread added: 0x0000013710099090
Event: 1.429 Thread 0x0000013710099090 Thread exited: 0x0000013710099090


Dynamic libraries:
0x00007ff6a8850000 - 0x00007ff6a885e000 	C:\Users\Administrator\.jdks\temurin-17.0.13\bin\java.exe
0x00007ff8c5f90000 - 0x00007ff8c6188000 	C:\Windows\SYSTEM32\ntdll.dll
0x00007ff8c50c0000 - 0x00007ff8c5182000 	C:\Windows\System32\KERNEL32.DLL
0x00007ff8c3af0000 - 0x00007ff8c3def000 	C:\Windows\System32\KERNELBASE.dll
0x00007ff8c39f0000 - 0x00007ff8c3af0000 	C:\Windows\System32\ucrtbase.dll
0x00007ff8bdf10000 - 0x00007ff8bdf27000 	C:\Users\Administrator\.jdks\temurin-17.0.13\bin\jli.dll
0x00007ff8b5680000 - 0x00007ff8b569e000 	C:\Users\Administrator\.jdks\temurin-17.0.13\bin\VCRUNTIME140.dll
0x00007ff8c4010000 - 0x00007ff8c41ad000 	C:\Windows\System32\USER32.dll
0x00007ff8c3e20000 - 0x00007ff8c3e42000 	C:\Windows\System32\win32u.dll
0x00007ff8c4590000 - 0x00007ff8c45bb000 	C:\Windows\System32\GDI32.dll
0x00007ff8c37f0000 - 0x00007ff8c390a000 	C:\Windows\System32\gdi32full.dll
0x00007ff8c3630000 - 0x00007ff8c36cd000 	C:\Windows\System32\msvcp_win.dll
0x00007ff8a6b20000 - 0x00007ff8a6dba000 	C:\Windows\WinSxS\amd64_microsoft.windows.common-controls_6595b64144ccf1df_6.0.19041.4355_none_60b8b9eb71f62e16\COMCTL32.dll
0x00007ff8c5720000 - 0x00007ff8c57be000 	C:\Windows\System32\msvcrt.dll
0x00007ff8c5190000 - 0x00007ff8c51bf000 	C:\Windows\System32\IMM32.DLL
0x00007ff8bdf00000 - 0x00007ff8bdf0c000 	C:\Users\Administrator\.jdks\temurin-17.0.13\bin\vcruntime140_1.dll
0x00007ff8a9bb0000 - 0x00007ff8a9c3d000 	C:\Users\Administrator\.jdks\temurin-17.0.13\bin\msvcp140.dll
0x00007ff865150000 - 0x00007ff865dbb000 	C:\Users\Administrator\.jdks\temurin-17.0.13\bin\server\jvm.dll
0x00007ff8c4330000 - 0x00007ff8c43df000 	C:\Windows\System32\ADVAPI32.dll
0x00007ff8c4b70000 - 0x00007ff8c4c0f000 	C:\Windows\System32\sechost.dll
0x00007ff8c46d0000 - 0x00007ff8c47f3000 	C:\Windows\System32\RPCRT4.dll
0x00007ff8c3df0000 - 0x00007ff8c3e17000 	C:\Windows\System32\bcrypt.dll
0x00007ff8c4c90000 - 0x00007ff8c4cfb000 	C:\Windows\System32\WS2_32.dll
0x00007ff8c3490000 - 0x00007ff8c34db000 	C:\Windows\SYSTEM32\POWRPROF.dll
0x00007ff8bb390000 - 0x00007ff8bb3b7000 	C:\Windows\SYSTEM32\WINMM.dll
0x00007ff8ba4d0000 - 0x00007ff8ba4da000 	C:\Windows\SYSTEM32\VERSION.dll
0x00007ff8c3470000 - 0x00007ff8c3482000 	C:\Windows\SYSTEM32\UMPDC.dll
0x00007ff8c1e10000 - 0x00007ff8c1e22000 	C:\Windows\SYSTEM32\kernel.appcore.dll
0x00007ff8bb830000 - 0x00007ff8bb83a000 	C:\Users\Administrator\.jdks\temurin-17.0.13\bin\jimage.dll
0x00007ff8c1380000 - 0x00007ff8c1564000 	C:\Windows\SYSTEM32\DBGHELP.DLL
0x00007ff8bb350000 - 0x00007ff8bb384000 	C:\Windows\SYSTEM32\dbgcore.DLL
0x00007ff8c3960000 - 0x00007ff8c39e2000 	C:\Windows\System32\bcryptPrimitives.dll
0x00007ff8b3f80000 - 0x00007ff8b3fbb000 	C:\Users\Administrator\.jdks\temurin-17.0.13\bin\jdwp.dll
0x00007ff861340000 - 0x00007ff86154e000 	C:\Users\Administrator\AppData\Local\Temp\idea_libasyncProfiler_dll_temp_folder5\libasyncProfiler.dll
0x00007ff8bb790000 - 0x00007ff8bb79e000 	C:\Users\Administrator\.jdks\temurin-17.0.13\bin\instrument.dll
0x00007ff8b5620000 - 0x00007ff8b5645000 	C:\Users\Administrator\.jdks\temurin-17.0.13\bin\java.dll
0x00007ff8b5660000 - 0x00007ff8b5678000 	C:\Users\Administrator\.jdks\temurin-17.0.13\bin\zip.dll
0x00007ff886960000 - 0x00007ff886a37000 	C:\Users\Administrator\.jdks\temurin-17.0.13\bin\jsvml.dll
0x00007ff8c57e0000 - 0x00007ff8c5f4d000 	C:\Windows\System32\SHELL32.dll
0x00007ff8c1650000 - 0x00007ff8c1df4000 	C:\Windows\SYSTEM32\windows.storage.dll
0x00007ff8c4d60000 - 0x00007ff8c50b5000 	C:\Windows\System32\combase.dll
0x00007ff8c2eb0000 - 0x00007ff8c2edf000 	C:\Windows\SYSTEM32\Wldp.dll
0x00007ff8c4260000 - 0x00007ff8c432d000 	C:\Windows\System32\OLEAUT32.dll
0x00007ff8c45c0000 - 0x00007ff8c466d000 	C:\Windows\System32\SHCORE.dll
0x00007ff8c4530000 - 0x00007ff8c4585000 	C:\Windows\System32\shlwapi.dll
0x00007ff8c3560000 - 0x00007ff8c3584000 	C:\Windows\SYSTEM32\profapi.dll
0x00007ff8bb920000 - 0x00007ff8bb92c000 	C:\Users\Administrator\.jdks\temurin-17.0.13\bin\dt_socket.dll
0x00007ff8c2990000 - 0x00007ff8c29cb000 	C:\Windows\SYSTEM32\IPHLPAPI.DLL
0x00007ff8c2c90000 - 0x00007ff8c2cfc000 	C:\Windows\system32\mswsock.dll
0x00007ff8b5600000 - 0x00007ff8b5619000 	C:\Users\Administrator\.jdks\temurin-17.0.13\bin\net.dll
0x00007ff8bdc70000 - 0x00007ff8bdd7a000 	C:\Windows\SYSTEM32\WINHTTP.dll
0x00007ff8b54b0000 - 0x00007ff8b54c6000 	C:\Users\Administrator\.jdks\temurin-17.0.13\bin\nio.dll
0x00007ff8c29d0000 - 0x00007ff8c2a9a000 	C:\Windows\SYSTEM32\DNSAPI.dll
0x00007ff8c4520000 - 0x00007ff8c4528000 	C:\Windows\System32\NSI.dll
0x00007ff8b9bd0000 - 0x00007ff8b9bda000 	C:\Windows\System32\rasadhlp.dll
0x00007ff8b9440000 - 0x00007ff8b94c0000 	C:\Windows\System32\fwpuclnt.dll
0x00007ff8ba670000 - 0x00007ff8ba67a000 	C:\Users\Administrator\.jdks\temurin-17.0.13\bin\management.dll
0x00007ff8ba620000 - 0x00007ff8ba62b000 	C:\Users\Administrator\.jdks\temurin-17.0.13\bin\management_ext.dll
0x00007ff8c4510000 - 0x00007ff8c4518000 	C:\Windows\System32\PSAPI.DLL
0x00007ff8c2ef0000 - 0x00007ff8c2f08000 	C:\Windows\SYSTEM32\CRYPTSP.dll
0x00007ff8c25d0000 - 0x00007ff8c2604000 	C:\Windows\system32\rsaenh.dll
0x00007ff8c3520000 - 0x00007ff8c354e000 	C:\Windows\SYSTEM32\USERENV.dll
0x00007ff8c2e20000 - 0x00007ff8c2e2c000 	C:\Windows\SYSTEM32\CRYPTBASE.dll
0x00007ff8bade0000 - 0x00007ff8badf7000 	C:\Windows\SYSTEM32\dhcpcsvc6.DLL
0x00007ff8bad10000 - 0x00007ff8bad2d000 	C:\Windows\SYSTEM32\dhcpcsvc.DLL
0x00007ff886fc0000 - 0x00007ff886fd7000 	C:\Windows\system32\napinsp.dll
0x00007ff887050000 - 0x00007ff88706b000 	C:\Windows\system32\pnrpnsp.dll
0x00007ff887030000 - 0x00007ff887045000 	C:\Windows\system32\wshbth.dll
0x00007ff8bdc30000 - 0x00007ff8bdc4d000 	C:\Windows\system32\NLAapi.dll
0x00007ff887010000 - 0x00007ff887022000 	C:\Windows\System32\winrnr.dll
0x00007ff8b55f0000 - 0x00007ff8b55f9000 	C:\Users\Administrator\.jdks\temurin-17.0.13\bin\extnet.dll

dbghelp: loaded successfully - version: 4.0.5 - missing functions: none
symbol engine: initialized successfully - sym options: 0x614 - pdb path: .;C:\Users\Administrator\.jdks\temurin-17.0.13\bin;C:\Windows\SYSTEM32;C:\Windows\WinSxS\amd64_microsoft.windows.common-controls_6595b64144ccf1df_6.0.19041.4355_none_60b8b9eb71f62e16;C:\Users\Administrator\.jdks\temurin-17.0.13\bin\server;C:\Users\Administrator\AppData\Local\Temp\idea_libasyncProfiler_dll_temp_folder5

VM Arguments:
jvm_args: -agentlib:jdwp=transport=dt_socket,address=127.0.0.1:1737,suspend=y,server=n -agentpath:C:\Users\Administrator\AppData\Local\Temp\idea_libasyncProfiler_dll_temp_folder5\libasyncProfiler.dll=version,jfr,event=wall,interval=10ms,cstack=no,file=C:\Users\Administrator\IdeaSnapshots\BookCycleApplication_2025_03_17_013016.jfr,dbghelppath=C:\Users\Administrator\AppData\Local\Temp\idea_dbghelp_dll_temp_folder\dbghelp.dll,log=C:\Users\Administrator\AppData\Local\Temp\BookCycleApplication_2025_03_17_013016.jfr.log.txt,logLevel=DEBUG -XX:TieredStopAtLevel=1 -Dspring.output.ansi.enabled=always -Dcom.sun.management.jmxremote -Dspring.jmx.enabled=true -Dspring.liveBeansView.mbeanDomain -Dspring.application.admin.enabled=true -Dmanagement.endpoints.jmx.exposure.include=* -javaagent:C:\Users\Administrator\AppData\Local\JetBrains\IntelliJIdea2024.3\captureAgent\debugger-agent.jar -Dkotlinx.coroutines.debug.enable.creation.stack.trace=false -Ddebugger.agent.enable.coroutines=true -Dkotlinx.coroutines.debug.enable.flows.stack.trace=true -Dkotlinx.coroutines.debug.enable.mutable.state.flows.stack.trace=true -Dfile.encoding=UTF-8 
java_command: com.uzem.book_cycle.BookCycleApplication
java_class_path (initial): C:\Users\Administrator\Desktop\uzem\book-cycle\build\classes\java\main;C:\Users\Administrator\Desktop\uzem\book-cycle\build\resources\main;C:\Users\Administrator\.gradle\caches\modules-2\files-2.1\org.projectlombok\lombok\1.18.36\5a30490a6e14977d97d9c73c924c1f1b5311ea95\lombok-1.18.36.jar;C:\Users\Administrator\.gradle\caches\modules-2\files-2.1\org.springframework.boot\spring-boot-starter-data-jpa\3.4.2\b65a304b493807dff48bf114135dc4aa5f267927\spring-boot-starter-data-jpa-3.4.2.jar;C:\Users\Administrator\.gradle\caches\modules-2\files-2.1\org.springframework.boot\spring-boot-starter-validation\3.4.2\3195ea4da38b902a09bf192361800d4e43940465\spring-boot-starter-validation-3.4.2.jar;C:\Users\Administrator\.gradle\caches\modules-2\files-2.1\org.springframework.boot\spring-boot-starter-web\3.4.2\cf1c8efe77dccf221acf5f0ce9cc24c718c0ca44\spring-boot-starter-web-3.4.2.jar;C:\Users\Administrator\.gradle\caches\modules-2\files-2.1\jakarta.servlet\jakarta.servlet-api\5.0.0\2e6b8ccde55522c879434ddec3714683ccae6867\jakarta.servlet-api-5.0.0.jar;C:\Users\Administrator\.gradle\caches\modules-2\files-2.1\org.springframework.boot\spring-boot-starter-mail\3.4.2\e8db235d4384abe8253e499379e439cc5510b8bf\spring-boot-starter-mail-3.4.2.jar;C:\Users\Administrator\.gradle\caches\modules-2\files-2.1\org.springframework.boot\spring-boot-starter-thymeleaf\3.4.2\8dcb10dc369c51639b32bcc2a423fd5625c299f4\spring-boot-starter-thymeleaf-3.4.2.jar;C:\Users\Administrator\.gradle\caches\modules-2\files-2.1\nz.net.ultraq.thymeleaf\thymeleaf-layout-dialect\3.3.0\275da01788302e514c0549a4db5fa6b29ef84ba6\thymeleaf-layout-dialect-3.3.0.jar;C:\Users\Administrator\.gradle\caches\modules-2\files-2.1\org.springframework.boot\spring-boot-starter-security\3.4.2\b3102ed745b5e71f61bb5174c6a12275f0154dbb\spring-boot-starter-security-3.4.2.jar;C:\Users\Administrator\.gradle\caches\modules-2\files-2.1\org.thymeleaf.extras\thymeleaf-extras-springsecurity6\3.1.3.RELEASE\f2a9e9505b145d22a52
Launcher Type: SUN_STANDARD

[Global flags]
     intx CICompilerCount                          = 4                                         {product} {ergonomic}
     uint ConcGCThreads                            = 2                                         {product} {ergonomic}
     uint G1ConcRefinementThreads                  = 8                                         {product} {ergonomic}
   size_t G1HeapRegionSize                         = 2097152                                   {product} {ergonomic}
    uintx GCDrainStackTargetSize                   = 64                                        {product} {ergonomic}
   size_t InitialHeapSize                          = 264241152                                 {product} {ergonomic}
     bool ManagementServer                         = true                                      {product} {command line}
   size_t MarkStackSize                            = 4194304                                   {product} {ergonomic}
   size_t MaxHeapSize                              = 4227858432                                {product} {ergonomic}
   size_t MaxNewSize                               = 2535456768                                {product} {ergonomic}
   size_t MinHeapDeltaBytes                        = 2097152                                   {product} {ergonomic}
   size_t MinHeapSize                              = 8388608                                   {product} {ergonomic}
    uintx NonProfiledCodeHeapSize                  = 0                                      {pd product} {ergonomic}
     bool ProfileInterpreter                       = false                                  {pd product} {command line}
    uintx ProfiledCodeHeapSize                     = 0                                      {pd product} {ergonomic}
   size_t SoftMaxHeapSize                          = 4227858432                             {manageable} {ergonomic}
     intx TieredStopAtLevel                        = 1                                         {product} {command line}
     bool UseCompressedClassPointers               = true                           {product lp64_product} {ergonomic}
     bool UseCompressedOops                        = true                           {product lp64_product} {ergonomic}
     bool UseG1GC                                  = true                                      {product} {ergonomic}
     bool UseLargePagesIndividualAllocation        = false                                  {pd product} {ergonomic}

Logging:
Log output configuration:
 #0: stdout all=warning uptime,level,tags
 #1: stderr all=off uptime,level,tags

Environment Variables:
PATH=C:\Program Files\Common Files\Oracle\Java\javapath;C:\app\Administrator\product\18.0.0\dbhomeXE\bin;C:\Program Files (x86)\Common Files\Oracle\Java\javapath;C:\Windows\system32;C:\Windows;C:\Windows\System32\Wbem;C:\Windows\System32\WindowsPowerShell\v1.0\;C:\Windows\System32\OpenSSH\;C:\Program Files (x86)\Windows Kits\10\Windows Performance Toolkit\;C:\Program Files (x86)\Windows Kits\10\Microsoft Application Virtualization\Sequencer\;C:\Program Files\Bandizip\;C:\Program Files\dotnet\;C:\Program Files\PuTTY\;C:\Program Files\Docker\Docker\resources\bin;C:\Program Files\Git\cmd;C:\Program Files\nodejs\;C:\Program Files\MySQL\MySQL Shell 8.0\bin\;C:\Users\Administrator\AppData\Local\Microsoft\WindowsApps;C:\Users\Administrator\AppData\Local\Programs\Microsoft VS Code\bin;C:\Program Files\Java\jdk-11.0.14\bin;C:\Users\Administrator\AppData\Local\GitHubDesktop\bin;;C:\Program Files\JetBrains\IntelliJ IDEA Community Edition 2022.1.2\bin;;C:\Users\Administrator\AppData\Local\JetBrains\Toolbox\scripts;C:\Users\Administrator\AppData\Roaming\npm
USERNAME=Administrator
LANG=ko_KR.UTF-8
OS=Windows_NT
PROCESSOR_IDENTIFIER=Intel64 Family 6 Model 140 Stepping 1, GenuineIntel
TMP=C:\Users\ADMINI~1\AppData\Local\Temp
TEMP=C:\Users\ADMINI~1\AppData\Local\Temp



Periodic native trim disabled


---------------  S Y S T E M  ---------------

OS:
 Windows 10 , 64 bit Build 19041 (10.0.19041.5438)
OS uptime: 0 days 9:08 hours
Hyper-V role detected

CPU: total 8 (initial active 8) (4 cores per cpu, 2 threads per core) family 6 model 140 stepping 1 microcode 0xa4, cx8, cmov, fxsr, ht, mmx, 3dnowpref, sse, sse2, sse3, ssse3, sse4.1, sse4.2, popcnt, lzcnt, tsc, tscinvbit, avx, avx2, aes, erms, clmul, bmi1, bmi2, adx, avx512f, avx512dq, avx512cd, avx512bw, avx512vl, sha, fma, vzeroupper, avx512_vpopcntdq, avx512_vpclmulqdq, avx512_vaes, avx512_vnni, clflush, clflushopt, clwb, avx512_vbmi2, avx512_vbmi, hv
Processor Information for processor 0
  Max Mhz: 2995, Current Mhz: 2995, Mhz Limit: 2995
Processor Information for processor 1
  Max Mhz: 2995, Current Mhz: 2995, Mhz Limit: 2995
Processor Information for processor 2
  Max Mhz: 2995, Current Mhz: 2995, Mhz Limit: 2995
Processor Information for processor 3
  Max Mhz: 2995, Current Mhz: 2995, Mhz Limit: 2995
Processor Information for processor 4
  Max Mhz: 2995, Current Mhz: 2995, Mhz Limit: 2995
Processor Information for processor 5
  Max Mhz: 2995, Current Mhz: 2995, Mhz Limit: 2995
Processor Information for processor 6
  Max Mhz: 2995, Current Mhz: 2995, Mhz Limit: 2995
Processor Information for processor 7
  Max Mhz: 2995, Current Mhz: 1497, Mhz Limit: 2995

Memory: 4k page, system-wide physical 16126M (1967M free)
TotalPageFile size 27659M (AvailPageFile size 4309M)
current process WorkingSet (physical memory assigned to process): 90M, peak: 90M
current process commit charge ("private bytes"): 370M, peak: 371M

vm_info: OpenJDK 64-Bit Server VM (17.0.13+11) for windows-amd64 JRE (17.0.13+11), built on Oct 16 2024 00:10:08 by "admin" with MS VC++ 17.7 (VS2022)

END.
